01:07:43 **** Incremental Build of configuration Debug for project STM32F411_Blink ****
make -j12 all 
arm-none-eabi-gcc "../Core/Src/main.c" -mcpu=cortex-m4 -std=gnu11 -g3 -DUSE_HAL_DRIVER -DSTM32F411xE -DDEBUG -c -I../Core/Inc -I../Drivers/STM32F4xx_HAL_Driver/Inc -I../Drivers/STM32F4xx_HAL_Driver/Inc/Legacy -I../Drivers/CMSIS/Device/ST/STM32F4xx/Include -I../Drivers/CMSIS/Include -O0 -ffunction-sections -fdata-sections -Wall -fstack-usage -MMD -MP -MF"Core/Src/main.d" -MT"Core/Src/main.o" --specs=nano.specs -mfpu=fpv4-sp-d16 -mfloat-abi=hard -mthumb -o "Core/Src/main.o"
arm-none-eabi-gcc -o "STM32F411_Blink.elf" @"objects.list"   -mcpu=cortex-m4 -T"C:\Users\BANPOT-PCB\Desktop\STM32F411\STM32F411_Blink\STM32F411CEUX_FLASH.ld" --specs=nosys.specs -Wl,-Map="STM32F411_Blink.map" -Wl,--gc-sections -static --specs=nano.specs -mfpu=fpv4-sp-d16 -mfloat-abi=hard -mthumb -Wl,--start-group -lc -lm -Wl,--end-group
Finished building target: STM32F411_Blink.elf
 
arm-none-eabi-objdump -h -S  STM32F411_Blink.elf  > "STM32F411_Blink.list"
arm-none-eabi-objcopy  -O binary  STM32F411_Blink.elf  "STM32F411_Blink.bin"
arm-none-eabi-size   STM32F411_Blink.elf 
   text	   data	    bss	    dec	    hex	filename
   6004	     20	   1572	   7596	   1dac	STM32F411_Blink.elf
Finished building: default.size.stdout
 
Finished building: STM32F411_Blink.bin
Finished building: STM32F411_Blink.list
 
 

01:07:45 Build Finished. 0 errors, 0 warnings. (took 1s.652ms)

